
> vite_react_shadcn_ts@0.0.0 build
> vite build

[36mvite v5.4.19 [32mbuilding for production...[36m[39m
transforming...
node.exe : Browserslist: 
browsers data (caniuse-lite) is 
9 months old. Please run:
At line:1 char:1
+ & "C:\Program 
Files\nodejs/node.exe" 
"C:\Program Files\nodejs/node_mo 
...
+ ~~~~~~~~~~~~~~~~~~~~~~~~~~~~~~~
~~~~~~~~~~~~~~~~~~~~~~~~~~~~~~~~~
~~~~~
    + CategoryInfo          : No 
   tSpecified: (Browserslist: b  
  ...ld. Please run::String) [   
 ], RemoteException
    + FullyQualifiedErrorId : Na 
   tiveCommandError
 
  npx 
update-browserslist-db@latest
  Why you should do it 
regularly: https://github.com/bro
wserslist/update-db#readme
[32mΓ£ô[39m 1662 modules transformed.
[31mx[39m Build failed in 2.33s
[31merror during build:
[31m[vite:asset] Could not load 
C:\Users\durva\healthy-roo-home\s
rc/assets/healthyroo-logo.png 
(imported by 
src/components/Footer.tsx): 
ENOENT: no such file or 
directory, open 'C:\Users\durva\h
ealthy-roo-home\src\assets\health
yroo-logo.png'[31m
    at async open (node:internal/
fs/promises:642:25)
    at async Object.readFile (nod
e:internal/fs/promises:1279:14)
    at async fileToBuiltUrl (file
:///C:/Users/durva/healthy-roo-ho
me/node_modules/vite/dist/node/ch
unks/dep-C6uTJdX2.js:20428:19)
    at async Object.load (file://
/C:/Users/durva/healthy-roo-home/
node_modules/vite/dist/node/chunk
s/dep-C6uTJdX2.js:20328:17)
    at async PluginDriver.hookFir
stAndGetPlugin (file:///C:/Users/
durva/healthy-roo-home/node_modul
es/rollup/dist/es/shared/node-ent
ry.js:20630:28)
    at async file:///C:/Users/dur
va/healthy-roo-home/node_modules/
rollup/dist/es/shared/node-entry.
js:19750:33
    at async Queue.work (file:///
C:/Users/durva/healthy-roo-home/n
ode_modules/rollup/dist/es/shared
/node-entry.js:20840:32)[39m
